src/services/MultiplayerService.ts(24,13): error TS6133: 'roomId' is declared but its value is never read.
src/services/MultiplayerService.ts(74,27): error TS6133: 'myIndex' is declared but its value is never read.
